[2026-09-15 11:02:38] testing.ERROR: There is no role named `EMPLOYEE` for guard `web`. {"userId":1,"exception":"[object] (Spatie\\Permission\\Exceptions\\RoleDoesNotExist(code: 0): There is no role named `EMPLOYEE` for guard `web`. at /home/ubuntu/Desktop/flipflop/payout-system/vendor/spatie/laravel-permission/src/Exceptions/RoleDoesNotExist.php:11)
[stacktrace]
#0 /home/ubuntu/Desktop/flipflop/payout-system/vendor/spatie/laravel-permission/src/Models/Role.php(126): Spatie\\Permission\\Exceptions\\RoleDoesNotExist::named()
#1 /home/ubuntu/Desktop/flipflop/payout-system/vendor/spatie/laravel-permission/src/Traits/HasRoles.php(99): Spatie\\Permission\\Models\\Role::findByName()
#2 [internal function]: App\\Models\\User->Spatie\\Permission\\Traits\\{closure}()
#3 /home/ubuntu/Desktop/flipflop/payout-system/vendor/spatie/laravel-permission/src/Traits/HasRoles.php(90): array_map()
#4 /home/ubuntu/Desktop/flipflop/payout-system/vendor/laravel/framework/src/Illuminate/Database/Eloquent/Model.php(2008): App\\Models\\User->scopeRole()
#5 /home/ubuntu/Desktop/flipflop/payout-system/vendor/laravel/framework/src/Illuminate/Database/Eloquent/Builder.php(1690): Illuminate\\Database\\Eloquent\\Model->callNamedScope()
#6 /home/ubuntu/Desktop/flipflop/payout-system/vendor/laravel/framework/src/Illuminate/Database/Eloquent/Builder.php(1671): Illuminate\\Database\\Eloquent\\Builder->Illuminate\\Database\\Eloquent\\{closure}()
#7 /home/ubuntu/Desktop/flipflop/payout-system/vendor/laravel/framework/src/Illuminate/Database/Eloquent/Builder.php(1689): Illuminate\\Database\\Eloquent\\Builder->callScope()
#8 /home/ubuntu/Desktop/flipflop/payout-system/vendor/laravel/framework/src/Illuminate/Database/Eloquent/Builder.php(2300): Illuminate\\Database\\Eloquent\\Builder->callNamedScope()
#9 /home/ubuntu/Desktop/flipflop/payout-system/vendor/laravel/framework/src/Illuminate/Support/Traits/ForwardsCalls.php(23): Illuminate\\Database\\Eloquent\\Builder->__call()
#10 /home/ubuntu/Desktop/flipflop/payout-system/vendor/laravel/framework/src/Illuminate/Database/Eloquent/Model.php(2871): Illuminate\\Database\\Eloquent\\Model->forwardCallTo()
#11 /home/ubuntu/Desktop/flipflop/payout-system/vendor/laravel/framework/src/Illuminate/Database/Eloquent/Model.php(2887): Illuminate\\Database\\Eloquent\\Model->__call()
#12 /home/ubuntu/Desktop/flipflop/payout-system/app/Livewire/Dashboard.php(78): Illuminate\\Database\\Eloquent\\Model::__callStatic()
#13 /home/ubuntu/Desktop/flipflop/payout-system/app/Livewire/Dashboard.php(29): App\\Livewire\\Dashboard->renderAdminDashboard()
#14 /home/ubuntu/Desktop/flipflop/payout-system/vendor/laravel/framework/src/Illuminate/Container/BoundMethod.php(36): App\\Livewire\\Dashboard->render()
#15 /home/ubuntu/Desktop/flipflop/payout-system/vendor/laravel/framework/src/Illuminate/Container/Util.php(43): Illuminate\\Container\\BoundMethod::Illuminate\\Container\\{closure}()
#16 /home/ubuntu/Desktop/flipflop/payout-system/vendor/laravel/framework/src/Illuminate/Container/BoundMethod.php(96): Illuminate\\Container\\Util::unwrapIfClosure()
#17 /home/ubuntu/Desktop/flipflop/payout-system/vendor/laravel/framework/src/Illuminate/Container/BoundMethod.php(35): Illuminate\\Container\\BoundMethod::callBoundMethod()
#18 /home/ubuntu/Desktop/flipflop/payout-system/vendor/livewire/livewire/src/Wrapped.php(23): Illuminate\\Container\\BoundMethod::call()
#19 /home/ubuntu/Desktop/flipflop/payout-system/vendor/livewire/livewire/src/Mechanisms/HandleComponents/HandleComponents.php(318): Livewire\\Wrapped->__call()
#20 /home/ubuntu/Desktop/flipflop/payout-system/vendor/livewire/livewire/src/Mechanisms/HandleComponents/HandleComponents.php(278): Livewire\\Mechanisms\\HandleComponents\\HandleComponents->getView()
#21 /home/ubuntu/Desktop/flipflop/payout-system/vendor/livewire/livewire/src/Mechanisms/HandleComponents/HandleComponents.php(54): Livewire\\Mechanisms\\HandleComponents\\HandleComponents->render()
#22 /home/ubuntu/Desktop/flipflop/payout-system/vendor/livewire/livewire/src/LivewireManager.php(73): Livewire\\Mechanisms\\HandleComponents\\HandleComponents->mount()
#23 /home/ubuntu/Desktop/flipflop/payout-system/vendor/livewire/volt/src/LivewireManager.php(23): Livewire\\LivewireManager->mount()
#24 /home/ubuntu/Desktop/flipflop/payout-system/vendor/livewire/livewire/src/Features/SupportPageComponents/HandlesPageComponents.php(17): Livewire\\Volt\\LivewireManager->mount()
#25 /home/ubuntu/Desktop/flipflop/payout-system/vendor/livewire/livewire/src/Features/SupportPageComponents/SupportPageComponents.php(117): Livewire\\Component->Livewire\\Features\\SupportPageComponents\\{closure}()
#26 /home/ubuntu/Desktop/flipflop/payout-system/vendor/livewire/livewire/src/Features/SupportPageComponents/HandlesPageComponents.php(14): Livewire\\Features\\SupportPageComponents\\SupportPageComponents::interceptTheRenderOfTheComponentAndRetreiveTheLayoutConfiguration()
#27 /home/ubuntu/Desktop/flipflop/payout-system/vendor/laravel/framework/src/Illuminate/Routing/ControllerDispatcher.php(46): Livewire\\Component->__invoke()
#28 /home/ubuntu/Desktop/flipflop/payout-system/vendor/laravel/framework/src/Illuminate/Routing/Route.php(276): Illuminate\\Routing\\ControllerDispatcher->dispatch()
#29 /home/ubuntu/Desktop/flipflop/payout-system/vendor/laravel/framework/src/Illuminate/Routing/Route.php(216): Illuminate\\Routing\\Route->runController()
#30 /home/ubuntu/Desktop/flipflop/payout-system/vendor/laravel/framework/src/Illuminate/Routing/Router.php(822): Illuminate\\Routing\\Route->run()
#31 /home/ubuntu/Desktop/flipflop/payout-system/vendor/laravel/framework/src/Illuminate/Pipeline/Pipeline.php(180): Illuminate\\Routing\\Router->Illuminate\\Routing\\{closure}()
#32 /home/ubuntu/Desktop/flipflop/payout-system/vendor/laravel/framework/src/Illuminate/Auth/Middleware/EnsureEmailIsVerified.php(41): Illuminate\\Pipeline\\Pipeline->Illuminate\\Pipeline\\{closure}()
#33 /home/ubuntu/Desktop/flipflop/payout-system/vendor/laravel/framework/src/Illuminate/Pipeline/Pipeline.php(219): Illuminate\\Auth\\Middleware\\EnsureEmailIsVerified->handle()
#34 /home/ubuntu/Desktop/flipflop/payout-system/vendor/laravel/framework/src/Illuminate/Routing/Middleware/SubstituteBindings.php(52): Illuminate\\Pipeline\\Pipeline->Illuminate\\Pipeline\\{closure}()
#35 /home/ubuntu/Desktop/flipflop/payout-system/vendor/laravel/framework/src/Illuminate/Pipeline/Pipeline.php(219): Illuminate\\Routing\\Middleware\\SubstituteBindings->handle()
#36 /home/ubuntu/Desktop/flipflop/payout-system/vendor/laravel/framework/src/Illuminate/Auth/Middleware/Authenticate.php(63): Illuminate\\Pipeline\\Pipeline->Illuminate\\Pipeline\\{closure}()
#37 /home/ubuntu/Desktop/flipflop/payout-system/vendor/laravel/framework/src/Illuminate/Pipeline/Pipeline.php(219): Illuminate\\Auth\\Middleware\\Authenticate->handle()
#38 /home/ubuntu/Desktop/flipflop/payout-system/vendor/laravel/framework/src/Illuminate/Foundation/Http/Middleware/PreventRequestForgery.php(104): Illuminate\\Pipeline\\Pipeline->Illuminate\\Pipeline\\{closure}()
#39 /home/ubuntu/Desktop/flipflop/payout-system/vendor/laravel/framework/src/Illuminate/Pipeline/Pipeline.php(219): Illuminate\\Foundation\\Http\\Middleware\\PreventRequestForgery->handle()
#40 /home/ubuntu/Desktop/flipflop/payout-system/vendor/laravel/framework/src/Illuminate/View/Middleware/ShareErrorsFromSession.php(48): Illuminate\\Pipeline\\Pipeline->Illuminate\\Pipeline\\{closure}()
#41 /home/ubuntu/Desktop/flipflop/payout-system/vendor/laravel/framework/src/Illuminate/Pipeline/Pipeline.php(219): Illuminate\\View\\Middleware\\ShareErrorsFromSession->handle()
#42 /home/ubuntu/Desktop/flipflop/payout-system/vendor/laravel/framework/src/Illuminate/Session/Middleware/StartSession.php(120): Illuminate\\Pipeline\\Pipeline->Illuminate\\Pipeline\\{closure}()
#43 /home/ubuntu/Desktop/flipflop/payout-system/vendor/laravel/framework/src/Illuminate/Session/Middleware/StartSession.php(63): Illuminate\\Session\\Middleware\\StartSession->handleStatefulRequest()
#44 /home/ubuntu/Desktop/flipflop/payout-system/vendor/laravel/framework/src/Illuminate/Pipeline/Pipeline.php(219): Illuminate\\Session\\Middleware\\StartSession->handle()
#45 /home/ubuntu/Desktop/flipflop/payout-system/vendor/laravel/framework/src/Illuminate/Cookie/Middleware/AddQueuedCookiesToResponse.php(36): Illuminate\\Pipeline\\Pipeline->Illuminate\\Pipeline\\{closure}()
#46 /home/ubuntu/Desktop/flipflop/payout-system/vendor/laravel/framework/src/Illuminate/Pipeline/Pipeline.php(219): Illuminate\\Cookie\\Middleware\\AddQueuedCookiesToResponse->handle()
#47 /home/ubuntu/Desktop/flipflop/payout-system/vendor/laravel/framework/src/Illuminate/Cookie/Middleware/EncryptCookies.php(74): Illuminate\\Pipeline\\Pipeline->Illuminate\\Pipeline\\{closure}()
#48 /home/ubuntu/Desktop/flipflop/payout-system/vendor/laravel/framework/src/Illuminate/Pipeline/Pipeline.php(219): Illuminate\\Cookie\\Middleware\\EncryptCookies->handle()
#49 /home/ubuntu/Desktop/flipflop/payout-system/vendor/laravel/framework/src/Illuminate/Pipeline/Pipeline.php(137): Illuminate\\Pipeline\\Pipeline->Illuminate\\Pipeline\\{closure}()
#50 /home/ubuntu/Desktop/flipflop/payout-system/vendor/laravel/framework/src/Illuminate/Routing/Router.php(821): Illuminate\\Pipeline\\Pipeline->then()
#51 /home/ubuntu/Desktop/flipflop/payout-system/vendor/laravel/framework/src/Illuminate/Routing/Router.php(800): Illuminate\\Routing\\Router->runRouteWithinStack()
#52 /home/ubuntu/Desktop/flipflop/payout-system/vendor/laravel/framework/src/Illuminate/Routing/Router.php(764): Illuminate\\Routing\\Router->runRoute()
#53 /home/ubuntu/Desktop/flipflop/payout-system/vendor/laravel/framework/src/Illuminate/Routing/Router.php(753): Illuminate\\Routing\\Router->dispatchToRoute()
#54 /home/ubuntu/Desktop/flipflop/payout-system/vendor/laravel/framework/src/Illuminate/Foundation/Http/Kernel.php(200): Illuminate\\Routing\\Router->dispatch()
#55 /home/ubuntu/Desktop/flipflop/payout-system/vendor/laravel/framework/src/Illuminate/Pipeline/Pipeline.php(180): Illuminate\\Foundation\\Http\\Kernel->Illuminate\\Foundation\\Http\\{closure}()
#56 /home/ubuntu/Desktop/flipflop/payout-system/vendor/livewire/livewire/src/Features/SupportDisablingBackButtonCache/DisableBackButtonCacheMiddleware.php(19): Illuminate\\Pipeline\\Pipeline->Illuminate\\Pipeline\\{closure}()
#57 /home/ubuntu/Desktop/flipflop/payout-system/vendor/laravel/framework/src/Illuminate/Pipeline/Pipeline.php(219): Livewire\\Features\\SupportDisablingBackButtonCache\\DisableBackButtonCacheMiddleware->handle()
#58 /home/ubuntu/Desktop/flipflop/payout-system/vendor/laravel/framework/src/Illuminate/Foundation/Http/Middleware/TransformsRequest.php(21): Illuminate\\Pipeline\\Pipeline->Illuminate\\Pipeline\\{closure}()
#59 /home/ubuntu/Desktop/flipflop/payout-system/vendor/laravel/framework/src/Illuminate/Foundation/Http/Middleware/ConvertEmptyStringsToNull.php(31): Illuminate\\Foundation\\Http\\Middleware\\TransformsRequest->handle()
#60 /home/ubuntu/Desktop/flipflop/payout-system/vendor/laravel/framework/src/Illuminate/Pipeline/Pipeline.php(219): Illuminate\\Foundation\\Http\\Middleware\\ConvertEmptyStringsToNull->handle()
#61 /home/ubuntu/Desktop/flipflop/payout-system/vendor/laravel/framework/src/Illuminate/Foundation/Http/Middleware/TransformsRequest.php(21): Illuminate\\Pipeline\\Pipeline->Illuminate\\Pipeline\\{closure}()
#62 /home/ubuntu/Desktop/flipflop/payout-system/vendor/laravel/framework/src/Illuminate/Foundation/Http/Middleware/TrimStrings.php(51): Illuminate\\Foundation\\Http\\Middleware\\TransformsRequest->handle()
#63 /home/ubuntu/Desktop/flipflop/payout-system/vendor/laravel/framework/src/Illuminate/Pipeline/Pipeline.php(219): Illuminate\\Foundation\\Http\\Middleware\\TrimStrings->handle()
#64 /home/ubuntu/Desktop/flipflop/payout-system/vendor/laravel/framework/src/Illuminate/Http/Middleware/ValidatePostSize.php(27): Illuminate\\Pipeline\\Pipeline->Illuminate\\Pipeline\\{closure}()
#65 /home/ubuntu/Desktop/flipflop/payout-system/vendor/laravel/framework/src/Illuminate/Pipeline/Pipeline.php(219): Illuminate\\Http\\Middleware\\ValidatePostSize->handle()
#66 /home/ubuntu/Desktop/flipflop/payout-system/vendor/laravel/framework/src/Illuminate/Foundation/Http/Middleware/PreventRequestsDuringMaintenance.php(110): Illuminate\\Pipeline\\Pipeline->Illuminate\\Pipeline\\{closure}()
#67 /home/ubuntu/Desktop/flipflop/payout-system/vendor/laravel/framework/src/Illuminate/Pipeline/Pipeline.php(219): Illuminate\\Foundation\\Http\\Middleware\\PreventRequestsDuringMaintenance->handle()
#68 /home/ubuntu/Desktop/flipflop/payout-system/vendor/laravel/framework/src/Illuminate/Http/Middleware/HandleCors.php(61): Illuminate\\Pipeline\\Pipeline->Illuminate\\Pipeline\\{closure}()
#69 /home/ubuntu/Desktop/flipflop/payout-system/vendor/laravel/framework/src/Illuminate/Pipeline/Pipeline.php(219): Illuminate\\Http\\Middleware\\HandleCors->handle()
#70 /home/ubuntu/Desktop/flipflop/payout-system/vendor/laravel/framework/src/Illuminate/Http/Middleware/TrustProxies.php(58): Illuminate\\Pipeline\\Pipeline->Illuminate\\Pipeline\\{closure}()
#71 /home/ubuntu/Desktop/flipflop/payout-system/vendor/laravel/framework/src/Illuminate/Pipeline/Pipeline.php(219): Illuminate\\Http\\Middleware\\TrustProxies->handle()
#72 /home/ubuntu/Desktop/flipflop/payout-system/vendor/laravel/framework/src/Illuminate/Foundation/Http/Middleware/InvokeDeferredCallbacks.php(22): Illuminate\\Pipeline\\Pipeline->Illuminate\\Pipeline\\{closure}()
#73 /home/ubuntu/Desktop/flipflop/payout-system/vendor/laravel/framework/src/Illuminate/Pipeline/Pipeline.php(219): Illuminate\\Foundation\\Http\\Middleware\\InvokeDeferredCallbacks->handle()
#74 /home/ubuntu/Desktop/flipflop/payout-system/vendor/laravel/framework/src/Illuminate/Http/Middleware/ValidatePathEncoding.php(28): Illuminate\\Pipeline\\Pipeline->Illuminate\\Pipeline\\{closure}()
#75 /home/ubuntu/Desktop/flipflop/payout-system/vendor/laravel/framework/src/Illuminate/Pipeline/Pipeline.php(219): Illuminate\\Http\\Middleware\\ValidatePathEncoding->handle()
#76 /home/ubuntu/Desktop/flipflop/payout-system/vendor/laravel/framework/src/Illuminate/Pipeline/Pipeline.php(137): Illuminate\\Pipeline\\Pipeline->Illuminate\\Pipeline\\{closure}()
#77 /home/ubuntu/Desktop/flipflop/payout-system/vendor/laravel/framework/src/Illuminate/Foundation/Http/Kernel.php(175): Illuminate\\Pipeline\\Pipeline->then()
#78 /home/ubuntu/Desktop/flipflop/payout-system/vendor/laravel/framework/src/Illuminate/Foundation/Http/Kernel.php(144): Illuminate\\Foundation\\Http\\Kernel->sendRequestThroughRouter()
#79 /home/ubuntu/Desktop/flipflop/payout-system/vendor/laravel/framework/src/Illuminate/Foundation/Testing/Concerns/MakesHttpRequests.php(638): Illuminate\\Foundation\\Http\\Kernel->handle()
#80 /home/ubuntu/Desktop/flipflop/payout-system/vendor/laravel/framework/src/Illuminate/Foundation/Testing/Concerns/MakesHttpRequests.php(368): Illuminate\\Foundation\\Testing\\TestCase->call()
#81 /home/ubuntu/Desktop/flipflop/payout-system/tests/Feature/Auth/AuthenticationTest.php(63): Illuminate\\Foundation\\Testing\\TestCase->get()
#82 /home/ubuntu/Desktop/flipflop/payout-system/vendor/phpunit/phpunit/src/Framework/TestCase.php(1318): Tests\\Feature\\Auth\\AuthenticationTest->test_navigation_menu_can_be_rendered()
#83 /home/ubuntu/Desktop/flipflop/payout-system/vendor/phpunit/phpunit/src/Framework/TestCase.php(1355): PHPUnit\\Framework\\TestCase->invokeTestMethod()
#84 /home/ubuntu/Desktop/flipflop/payout-system/vendor/phpunit/phpunit/src/Framework/TestCase.php(521): PHPUnit\\Framework\\TestCase->runTest()
#85 /home/ubuntu/Desktop/flipflop/payout-system/vendor/phpunit/phpunit/src/Framework/TestRunner/TestRunner.php(99): PHPUnit\\Framework\\TestCase->runBare()
#86 /home/ubuntu/Desktop/flipflop/payout-system/vendor/phpunit/phpunit/src/Framework/TestCase.php(361): PHPUnit\\Framework\\TestRunner->run()
#87 /home/ubuntu/Desktop/flipflop/payout-system/vendor/phpunit/phpunit/src/Framework/TestSuite.php(374): PHPUnit\\Framework\\TestCase->run()
#88 /home/ubuntu/Desktop/flipflop/payout-system/vendor/phpunit/phpunit/src/Framework/TestSuite.php(374): PHPUnit\\Framework\\TestSuite->run()
#89 /home/ubuntu/Desktop/flipflop/payout-system/vendor/phpunit/phpunit/src/Framework/TestSuite.php(374): PHPUnit\\Framework\\TestSuite->run()
#90 /home/ubuntu/Desktop/flipflop/payout-system/vendor/phpunit/phpunit/src/TextUI/TestRunner.php(64): PHPUnit\\Framework\\TestSuite->run()
#91 /home/ubuntu/Desktop/flipflop/payout-system/vendor/phpunit/phpunit/src/TextUI/Application.php(229): PHPUnit\\TextUI\\TestRunner->run()
#92 /home/ubuntu/Desktop/flipflop/payout-system/vendor/phpunit/phpunit/phpunit(104): PHPUnit\\TextUI\\Application->run()
#93 {main}
"} 
[2026-09-15 11:02:54] local.ERROR: Command "eval" is not defined. {"exception":"[object] (Symfony\\Component\\Console\\Exception\\CommandNotFoundException(code: 0): Command \"eval\" is not defined. at /home/ubuntu/Desktop/flipflop/payout-system/vendor/symfony/console/Application.php:759)
[stacktrace]
#0 /home/ubuntu/Desktop/flipflop/payout-system/vendor/symfony/console/Application.php(298): Symfony\\Component\\Console\\Application->find()
#1 /home/ubuntu/Desktop/flipflop/payout-system/vendor/symfony/console/Application.php(195): Symfony\\Component\\Console\\Application->doRun()
#2 /home/ubuntu/Desktop/flipflop/payout-system/vendor/laravel/framework/src/Illuminate/Foundation/Console/Kernel.php(198): Symfony\\Component\\Console\\Application->run()
#3 /home/ubuntu/Desktop/flipflop/payout-system/vendor/laravel/framework/src/Illuminate/Foundation/Application.php(1242): Illuminate\\Foundation\\Console\\Kernel->handle()
#4 /home/ubuntu/Desktop/flipflop/payout-system/artisan(16): Illuminate\\Foundation\\Application->handleCommand()
#5 {main}
"} 
[2026-09-22 11:01:42] local.ERROR: Undefined variable $assignDateExpr {"userId":2,"exception":"[object] (ErrorException(code: 0): Undefined variable $assignDateExpr at /home/ubuntu/Desktop/flipflop/payout-system/app/Livewire/MySpecialTasks.php:68)
[stacktrace]
#0 /home/ubuntu/Desktop/flipflop/payout-system/vendor/laravel/framework/src/Illuminate/Foundation/Bootstrap/HandleExceptions.php(263): Illuminate\\Foundation\\Bootstrap\\HandleExceptions->handleError()
#1 /home/ubuntu/Desktop/flipflop/payout-system/app/Livewire/MySpecialTasks.php(68): Illuminate\\Foundation\\Bootstrap\\HandleExceptions->Illuminate\\Foundation\\Bootstrap\\{closure}()
#2 /home/ubuntu/Desktop/flipflop/payout-system/vendor/laravel/framework/src/Illuminate/Container/BoundMethod.php(36): App\\Livewire\\MySpecialTasks->render()
#3 /home/ubuntu/Desktop/flipflop/payout-system/vendor/laravel/framework/src/Illuminate/Container/Util.php(43): Illuminate\\Container\\BoundMethod::Illuminate\\Container\\{closure}()
#4 /home/ubuntu/Desktop/flipflop/payout-system/vendor/laravel/framework/src/Illuminate/Container/BoundMethod.php(96): Illuminate\\Container\\Util::unwrapIfClosure()
#5 /home/ubuntu/Desktop/flipflop/payout-system/vendor/laravel/framework/src/Illuminate/Container/BoundMethod.php(35): Illuminate\\Container\\BoundMethod::callBoundMethod()
#6 /home/ubuntu/Desktop/flipflop/payout-system/vendor/livewire/livewire/src/Wrapped.php(23): Illuminate\\Container\\BoundMethod::call()
#7 /home/ubuntu/Desktop/flipflop/payout-system/vendor/livewire/livewire/src/Mechanisms/HandleComponents/HandleComponents.php(318): Livewire\\Wrapped->__call()
#8 /home/ubuntu/Desktop/flipflop/payout-system/vendor/livewire/livewire/src/Mechanisms/HandleComponents/HandleComponents.php(278): Livewire\\Mechanisms\\HandleComponents\\HandleComponents->getView()
#9 /home/ubuntu/Desktop/flipflop/payout-system/vendor/livewire/livewire/src/Mechanisms/HandleComponents/HandleComponents.php(54): Livewire\\Mechanisms\\HandleComponents\\HandleComponents->render()
#10 /home/ubuntu/Desktop/flipflop/payout-system/vendor/livewire/livewire/src/LivewireManager.php(73): Livewire\\Mechanisms\\HandleComponents\\HandleComponents->mount()
#11 /home/ubuntu/Desktop/flipflop/payout-system/vendor/livewire/volt/src/LivewireManager.php(23): Livewire\\LivewireManager->mount()
#12 /home/ubuntu/Desktop/flipflop/payout-system/vendor/livewire/livewire/src/Features/SupportPageComponents/HandlesPageComponents.php(17): Livewire\\Volt\\LivewireManager->mount()
#13 /home/ubuntu/Desktop/flipflop/payout-system/vendor/livewire/livewire/src/Features/SupportPageComponents/SupportPageComponents.php(117): Livewire\\Component->Livewire\\Features\\SupportPageComponents\\{closure}()
#14 /home/ubuntu/Desktop/flipflop/payout-system/vendor/livewire/livewire/src/Features/SupportPageComponents/HandlesPageComponents.php(14): Livewire\\Features\\SupportPageComponents\\SupportPageComponents::interceptTheRenderOfTheComponentAndRetreiveTheLayoutConfiguration()
#15 /home/ubuntu/Desktop/flipflop/payout-system/vendor/laravel/framework/src/Illuminate/Routing/ControllerDispatcher.php(46): Livewire\\Component->__invoke()
#16 /home/ubuntu/Desktop/flipflop/payout-system/vendor/laravel/framework/src/Illuminate/Routing/Route.php(276): Illuminate\\Routing\\ControllerDispatcher->dispatch()
#17 /home/ubuntu/Desktop/flipflop/payout-system/vendor/laravel/framework/src/Illuminate/Routing/Route.php(216): Illuminate\\Routing\\Route->runController()
#18 /home/ubuntu/Desktop/flipflop/payout-system/vendor/laravel/framework/src/Illuminate/Routing/Router.php(822): Illuminate\\Routing\\Route->run()
#19 /home/ubuntu/Desktop/flipflop/payout-system/vendor/laravel/framework/src/Illuminate/Pipeline/Pipeline.php(180): Illuminate\\Routing\\Router->Illuminate\\Routing\\{closure}()
#20 /home/ubuntu/Desktop/flipflop/payout-system/vendor/spatie/laravel-permission/src/Middleware/RoleMiddleware.php(42): Illuminate\\Pipeline\\Pipeline->Illuminate\\Pipeline\\{closure}()
#21 /home/ubuntu/Desktop/flipflop/payout-system/vendor/laravel/framework/src/Illuminate/Pipeline/Pipeline.php(219): Spatie\\Permission\\Middleware\\RoleMiddleware->handle()
#22 /home/ubuntu/Desktop/flipflop/payout-system/vendor/laravel/framework/src/Illuminate/Auth/Middleware/EnsureEmailIsVerified.php(41): Illuminate\\Pipeline\\Pipeline->Illuminate\\Pipeline\\{closure}()
#23 /home/ubuntu/Desktop/flipflop/payout-system/vendor/laravel/framework/src/Illuminate/Pipeline/Pipeline.php(219): Illuminate\\Auth\\Middleware\\EnsureEmailIsVerified->handle()
#24 /home/ubuntu/Desktop/flipflop/payout-system/vendor/laravel/boost/src/Middleware/InjectBoost.php(22): Illuminate\\Pipeline\\Pipeline->Illuminate\\Pipeline\\{closure}()
#25 /home/ubuntu/Desktop/flipflop/payout-system/vendor/laravel/framework/src/Illuminate/Pipeline/Pipeline.php(219): Laravel\\Boost\\Middleware\\InjectBoost->handle()
#26 /home/ubuntu/Desktop/flipflop/payout-system/vendor/laravel/framework/src/Illuminate/Routing/Middleware/SubstituteBindings.php(52): Illuminate\\Pipeline\\Pipeline->Illuminate\\Pipeline\\{closure}()
#27 /home/ubuntu/Desktop/flipflop/payout-system/vendor/laravel/framework/src/Illuminate/Pipeline/Pipeline.php(219): Illuminate\\Routing\\Middleware\\SubstituteBindings->handle()
#28 /home/ubuntu/Desktop/flipflop/payout-system/vendor/laravel/framework/src/Illuminate/Auth/Middleware/Authenticate.php(63): Illuminate\\Pipeline\\Pipeline->Illuminate\\Pipeline\\{closure}()
#29 /home/ubuntu/Desktop/flipflop/payout-system/vendor/laravel/framework/src/Illuminate/Pipeline/Pipeline.php(219): Illuminate\\Auth\\Middleware\\Authenticate->handle()
#30 /home/ubuntu/Desktop/flipflop/payout-system/vendor/laravel/framework/src/Illuminate/Foundation/Http/Middleware/PreventRequestForgery.php(104): Illuminate\\Pipeline\\Pipeline->Illuminate\\Pipeline\\{closure}()
#31 /home/ubuntu/Desktop/flipflop/payout-system/vendor/laravel/framework/src/Illuminate/Pipeline/Pipeline.php(219): Illuminate\\Foundation\\Http\\Middleware\\PreventRequestForgery->handle()
#32 /home/ubuntu/Desktop/flipflop/payout-system/vendor/laravel/framework/src/Illuminate/View/Middleware/ShareErrorsFromSession.php(48): Illuminate\\Pipeline\\Pipeline->Illuminate\\Pipeline\\{closure}()
#33 /home/ubuntu/Desktop/flipflop/payout-system/vendor/laravel/framework/src/Illuminate/Pipeline/Pipeline.php(219): Illuminate\\View\\Middleware\\ShareErrorsFromSession->handle()
#34 /home/ubuntu/Desktop/flipflop/payout-system/vendor/laravel/framework/src/Illuminate/Session/Middleware/StartSession.php(120): Illuminate\\Pipeline\\Pipeline->Illuminate\\Pipeline\\{closure}()
#35 /home/ubuntu/Desktop/flipflop/payout-system/vendor/laravel/framework/src/Illuminate/Session/Middleware/StartSession.php(63): Illuminate\\Session\\Middleware\\StartSession->handleStatefulRequest()
#36 /home/ubuntu/Desktop/flipflop/payout-system/vendor/laravel/framework/src/Illuminate/Pipeline/Pipeline.php(219): Illuminate\\Session\\Middleware\\StartSession->handle()
#37 /home/ubuntu/Desktop/flipflop/payout-system/vendor/laravel/framework/src/Illuminate/Cookie/Middleware/AddQueuedCookiesToResponse.php(36): Illuminate\\Pipeline\\Pipeline->Illuminate\\Pipeline\\{closure}()
#38 /home/ubuntu/Desktop/flipflop/payout-system/vendor/laravel/framework/src/Illuminate/Pipeline/Pipeline.php(219): Illuminate\\Cookie\\Middleware\\AddQueuedCookiesToResponse->handle()
#39 /home/ubuntu/Desktop/flipflop/payout-system/vendor/laravel/framework/src/Illuminate/Cookie/Middleware/EncryptCookies.php(74): Illuminate\\Pipeline\\Pipeline->Illuminate\\Pipeline\\{closure}()
#40 /home/ubuntu/Desktop/flipflop/payout-system/vendor/laravel/framework/src/Illuminate/Pipeline/Pipeline.php(219): Illuminate\\Cookie\\Middleware\\EncryptCookies->handle()
#41 /home/ubuntu/Desktop/flipflop/payout-system/vendor/laravel/framework/src/Illuminate/Pipeline/Pipeline.php(137): Illuminate\\Pipeline\\Pipeline->Illuminate\\Pipeline\\{closure}()
#42 /home/ubuntu/Desktop/flipflop/payout-system/vendor/laravel/framework/src/Illuminate/Routing/Router.php(821): Illuminate\\Pipeline\\Pipeline->then()
#43 /home/ubuntu/Desktop/flipflop/payout-system/vendor/laravel/framework/src/Illuminate/Routing/Router.php(800): Illuminate\\Routing\\Router->runRouteWithinStack()
#44 /home/ubuntu/Desktop/flipflop/payout-system/vendor/laravel/framework/src/Illuminate/Routing/Router.php(764): Illuminate\\Routing\\Router->runRoute()
#45 /home/ubuntu/Desktop/flipflop/payout-system/vendor/laravel/framework/src/Illuminate/Routing/Router.php(753): Illuminate\\Routing\\Router->dispatchToRoute()
#46 /home/ubuntu/Desktop/flipflop/payout-system/vendor/laravel/framework/src/Illuminate/Foundation/Http/Kernel.php(200): Illuminate\\Routing\\Router->dispatch()
#47 /home/ubuntu/Desktop/flipflop/payout-system/vendor/laravel/framework/src/Illuminate/Pipeline/Pipeline.php(180): Illuminate\\Foundation\\Http\\Kernel->Illuminate\\Foundation\\Http\\{closure}()
#48 /home/ubuntu/Desktop/flipflop/payout-system/vendor/livewire/livewire/src/Features/SupportDisablingBackButtonCache/DisableBackButtonCacheMiddleware.php(19): Illuminate\\Pipeline\\Pipeline->Illuminate\\Pipeline\\{closure}()
#49 /home/ubuntu/Desktop/flipflop/payout-system/vendor/laravel/framework/src/Illuminate/Pipeline/Pipeline.php(219): Livewire\\Features\\SupportDisablingBackButtonCache\\DisableBackButtonCacheMiddleware->handle()
#50 /home/ubuntu/Desktop/flipflop/payout-system/vendor/laravel/framework/src/Illuminate/Foundation/Http/Middleware/TransformsRequest.php(21): Illuminate\\Pipeline\\Pipeline->Illuminate\\Pipeline\\{closure}()
#51 /home/ubuntu/Desktop/flipflop/payout-system/vendor/laravel/framework/src/Illuminate/Foundation/Http/Middleware/ConvertEmptyStringsToNull.php(31): Illuminate\\Foundation\\Http\\Middleware\\TransformsRequest->handle()
#52 /home/ubuntu/Desktop/flipflop/payout-system/vendor/laravel/framework/src/Illuminate/Pipeline/Pipeline.php(219): Illuminate\\Foundation\\Http\\Middleware\\ConvertEmptyStringsToNull->handle()
#53 /home/ubuntu/Desktop/flipflop/payout-system/vendor/laravel/framework/src/Illuminate/Foundation/Http/Middleware/TransformsRequest.php(21): Illuminate\\Pipeline\\Pipeline->Illuminate\\Pipeline\\{closure}()
#54 /home/ubuntu/Desktop/flipflop/payout-system/vendor/laravel/framework/src/Illuminate/Foundation/Http/Middleware/TrimStrings.php(51): Illuminate\\Foundation\\Http\\Middleware\\TransformsRequest->handle()
#55 /home/ubuntu/Desktop/flipflop/payout-system/vendor/laravel/framework/src/Illuminate/Pipeline/Pipeline.php(219): Illuminate\\Foundation\\Http\\Middleware\\TrimStrings->handle()
#56 /home/ubuntu/Desktop/flipflop/payout-system/vendor/laravel/framework/src/Illuminate/Http/Middleware/ValidatePostSize.php(27): Illuminate\\Pipeline\\Pipeline->Illuminate\\Pipeline\\{closure}()
#57 /home/ubuntu/Desktop/flipflop/payout-system/vendor/laravel/framework/src/Illuminate/Pipeline/Pipeline.php(219): Illuminate\\Http\\Middleware\\ValidatePostSize->handle()
#58 /home/ubuntu/Desktop/flipflop/payout-system/vendor/laravel/framework/src/Illuminate/Foundation/Http/Middleware/PreventRequestsDuringMaintenance.php(110): Illuminate\\Pipeline\\Pipeline->Illuminate\\Pipeline\\{closure}()
#59 /home/ubuntu/Desktop/flipflop/payout-system/vendor/laravel/framework/src/Illuminate/Pipeline/Pipeline.php(219): Illuminate\\Foundation\\Http\\Middleware\\PreventRequestsDuringMaintenance->handle()
#60 /home/ubuntu/Desktop/flipflop/payout-system/vendor/laravel/framework/src/Illuminate/Http/Middleware/HandleCors.php(61): Illuminate\\Pipeline\\Pipeline->Illuminate\\Pipeline\\{closure}()
#61 /home/ubuntu/Desktop/flipflop/payout-system/vendor/laravel/framework/src/Illuminate/Pipeline/Pipeline.php(219): Illuminate\\Http\\Middleware\\HandleCors->handle()
#62 /home/ubuntu/Desktop/flipflop/payout-system/vendor/laravel/framework/src/Illuminate/Http/Middleware/TrustProxies.php(58): Illuminate\\Pipeline\\Pipeline->Illuminate\\Pipeline\\{closure}()
#63 /home/ubuntu/Desktop/flipflop/payout-system/vendor/laravel/framework/src/Illuminate/Pipeline/Pipeline.php(219): Illuminate\\Http\\Middleware\\TrustProxies->handle()
#64 /home/ubuntu/Desktop/flipflop/payout-system/vendor/laravel/framework/src/Illuminate/Foundation/Http/Middleware/InvokeDeferredCallbacks.php(22): Illuminate\\Pipeline\\Pipeline->Illuminate\\Pipeline\\{closure}()
#65 /home/ubuntu/Desktop/flipflop/payout-system/vendor/laravel/framework/src/Illuminate/Pipeline/Pipeline.php(219): Illuminate\\Foundation\\Http\\Middleware\\InvokeDeferredCallbacks->handle()
#66 /home/ubuntu/Desktop/flipflop/payout-system/vendor/laravel/framework/src/Illuminate/Http/Middleware/ValidatePathEncoding.php(28): Illuminate\\Pipeline\\Pipeline->Illuminate\\Pipeline\\{closure}()
#67 /home/ubuntu/Desktop/flipflop/payout-system/vendor/laravel/framework/src/Illuminate/Pipeline/Pipeline.php(219): Illuminate\\Http\\Middleware\\ValidatePathEncoding->handle()
#68 /home/ubuntu/Desktop/flipflop/payout-system/vendor/laravel/framework/src/Illuminate/Pipeline/Pipeline.php(137): Illuminate\\Pipeline\\Pipeline->Illuminate\\Pipeline\\{closure}()
#69 /home/ubuntu/Desktop/flipflop/payout-system/vendor/laravel/framework/src/Illuminate/Foundation/Http/Kernel.php(175): Illuminate\\Pipeline\\Pipeline->then()
#70 /home/ubuntu/Desktop/flipflop/payout-system/vendor/laravel/framework/src/Illuminate/Foundation/Http/Kernel.php(144): Illuminate\\Foundation\\Http\\Kernel->sendRequestThroughRouter()
#71 /home/ubuntu/Desktop/flipflop/payout-system/vendor/laravel/framework/src/Illuminate/Foundation/Application.php(1227): Illuminate\\Foundation\\Http\\Kernel->handle()
#72 /home/ubuntu/Desktop/flipflop/payout-system/public/index.php(20): Illuminate\\Foundation\\Application->handleRequest()
#73 /home/ubuntu/Desktop/flipflop/payout-system/vendor/laravel/framework/src/Illuminate/Foundation/resources/server.php(23): require_once('...')
#74 {main}
"} 
